2026-09-01 10:00:01 DEVICE-01 CONNECTION_START SUCCESS
2026-09-01 10:00:02 DEVICE-01 AUTHENTICATION SUCCESS
2026-09-01 10:00:03 DEVICE-01 SESSION_START SUCCESS
2026-09-01 10:00:10 DEVICE-01 DATA_TRANSFER SUCCESS
2026-09-01 10:00:15 DEVICE-01 DATA_TRANSFER SUCCESS
2026-09-01 10:00:20 DEVICE-01 SESSION_END SUCCESS


2026-09-01 10:01:01 DEVICE-02 CONNECTION_START SUCCESS
2026-09-01 10:01:02 DEVICE-02 AUTHENTICATION SUCCESS
2026-09-01 10:01:03 DEVICE-02 SESSION_START FAILED
2026-09-01 10:01:04 DEVICE-02 RETRY STARTED
2026-09-01 10:01:05 DEVICE-02 SESSION_START FAILED
2026-09-01 10:01:06 DEVICE-02 RETRY STARTED
2026-09-01 10:01:07 DEVICE-02 SESSION_START FAILED


2026-09-01 10:02:05 DEVICE-03 SESSION_START SUCCESS
2026-09-01 10:02:01 DEVICE-03 CONNECTION_START SUCCESS
2026-09-01 10:02:10 DEVICE-03 DATA_TRANSFER SUCCESS
2026-09-01 10:02:02 DEVICE-03 AUTHENTICATION SUCCESS


2026-09-01 10:03:01 DEVICE-04 CONNECTION_START SUCCESS
2026-09-01 10:03:02 DEVICE-04 AUTHENTICATION SUCCESS
2026-09-01 10:03:02 DEVICE-04 AUTHENTICATION SUCCESS
2026-09-01 10:03:03 DEVICE-04 SESSION_START SUCCESS
2026-09-01 10:03:04 DEVICE-04 DATA_TRANSFER SUCCESS


2026-09-01 10:04:01 DEVICE-05 CONNECTION_START SUCCESS
2026-09-01 10:04:02 DEVICE-05 AUTHENTICATION SUCCESS
2026-09-01 10:04:03 DEVICE-05 DATA_TRANSFER SUCCESS


2026-09-01 10:05:01 DEVICE-06 CONNECTION_START SUCCESS
2026-09-01 10:05:02 DEVICE-06 AUTHENTICATION SUCCESS
2026-09-01 10:05:03 DEVICE-06 SESSION_START SUCCESS
2026-09-01 10:20:45 DEVICE-06 DATA_TRANSFER SUCCESS


2026-09-01 10:06:01 DEVICE-07 CONNECTION_START SUCCESS
2026-09-01 10:06:02 DEVICE-07 AUTHENTICATION SUCCESS
2026-09-01 10:06:03 DEVICE-07 SESSION_START FAILED
2026-09-01 10:06:04 DEVICE-07 RETRY STARTED
2026-09-01 10:06:05 DEVICE-07 SESSION_START FAILED
2026-09-01 10:06:06 DEVICE-07 RETRY STARTED
2026-09-01 10:06:07 DEVICE-07 SESSION_START FAILED
2026-09-01 10:06:08 DEVICE-07 RETRY STARTED
2026-09-01 10:06:09 DEVICE-07 SESSION_START FAILED
2026-09-01 10:06:10 DEVICE-07 RETRY STARTED
2026-09-01 10:06:11 DEVICE-07 SESSION_START FAILED


2026-09-01 10:07:01 DEVICE-08 CONNECTION_START SUCCESS
2026-09-01 10:07:02 DEVICE-08 AUTHENTICATION FAILED
2026-09-01 10:07:03 DEVICE-08 AUTHENTICATION FAILED
2026-09-01 10:07:04 DEVICE-08 AUTHENTICATION FAILED


2026-09-01 10:08:01 DEVICE-09 CONNECTION_START SUCCESS
2026-09-01 10:08:02 DEVICE-09 DATA_TRANSFER SUCCESS
2026-09-01 10:08:03 DEVICE-09 AUTHENTICATION SUCCESS



2026-09-01 10:09:01 DEVICE-10 CONNECTION_START
2026-09-01 DEVICE-10 AUTHENTICATION SUCCESS
2026-99-99 99:99:99 DEVICE-10 SESSION_START SUCCESS
DEVICE-10 SESSION_START SUCCESS
2026-09-01 10:09:05 DEVICE-10 DATA_TRANSFER SUCCESS,,,


2026-09-01 10:10:01 DEVICE-11 CONNECTION_START SUCCESS
2026-09-01 10:10:02 DEVICE-11 AUTHENTICATION SUCCESS
2026-09-01 10:10:03 DEVICE-11 SESSION_START SUCCESS
2026-09-01 10:10:05 DEVICE-11 DATA_TRANSFER FAILED
2026-09-01 10:10:06 DEVICE-11 CONNECTION_DROP FAILED
